Scaaabaa
cSaaabaa
cAaaabaa
caAaabaa
caaAabaa
caaaAbaa
caaaBbaa
caaBabaa
caaBbbaa
caBabbaa
caBbbbaa
cBabbbaa
cBbbbbaa
Bcbbbbaa
Fcbbbbaa